19:35:23 **** Rebuild of configuration Debug for project GenX_SteeringWheel ****
Info: Internal Builder is used for build
arm-atollic-eabi-gcc -c -mthumb -mcpu=cortex-m4 -mfloat-abi=hard -mfpu=fpv4-sp-d16 -std=gnu11 -D__weak=__attribute__((weak)) -D__packed=__attribute__((__packed__)) -DUSE_HAL_DRIVER -DSTM32L4A6xx -I../../../Inc -I../../../Drivers/STM32L4xx_HAL_Driver/Inc -I../../../Drivers/STM32L4xx_HAL_Driver/Inc/Legacy -I../../../Middlewares/Third_Party/FreeRTOS/Source/include -I../../../Middlewares/Third_Party/FreeRTOS/Source/CMSIS_RTOS -I../../../Middlewares/Third_Party/FreeRTOS/Source/portable/GCC/ARM_CM4F -I../../../Drivers/CMSIS/Device/ST/STM32L4xx/Include -I../../../Drivers/CMSIS/Include -Os -ffunction-sections -fdata-sections -g -fstack-usage -Wall -specs=nano.specs -o Application/User/stm32l4xx_hal_timebase_tim.o ../../../Src/stm32l4xx_hal_timebase_tim.c 
arm-atollic-eabi-gcc -c -mthumb -mcpu=cortex-m4 -mfloat-abi=hard -mfpu=fpv4-sp-d16 -std=gnu11 -D__weak=__attribute__((weak)) -D__packed=__attribute__((__packed__)) -DUSE_HAL_DRIVER -DSTM32L4A6xx -I../../../Inc -I../../../Drivers/STM32L4xx_HAL_Driver/Inc -I../../../Drivers/STM32L4xx_HAL_Driver/Inc/Legacy -I../../../Middlewares/Third_Party/FreeRTOS/Source/include -I../../../Middlewares/Third_Party/FreeRTOS/Source/CMSIS_RTOS -I../../../Middlewares/Third_Party/FreeRTOS/Source/portable/GCC/ARM_CM4F -I../../../Drivers/CMSIS/Device/ST/STM32L4xx/Include -I../../../Drivers/CMSIS/Include -Os -ffunction-sections -fdata-sections -g -fstack-usage -Wall -specs=nano.specs -o Application/User/stm32l4xx_hal_msp.o ../../../Src/stm32l4xx_hal_msp.c 
arm-atollic-eabi-gcc -c -mthumb -mcpu=cortex-m4 -mfloat-abi=hard -mfpu=fpv4-sp-d16 -std=gnu11 -D__weak=__attribute__((weak)) -D__packed=__attribute__((__packed__)) -DUSE_HAL_DRIVER -DSTM32L4A6xx -I../../../Inc -I../../../Drivers/STM32L4xx_HAL_Driver/Inc -I../../../Drivers/STM32L4xx_HAL_Driver/Inc/Legacy -I../../../Middlewares/Third_Party/FreeRTOS/Source/include -I../../../Middlewares/Third_Party/FreeRTOS/Source/CMSIS_RTOS -I../../../Middlewares/Third_Party/FreeRTOS/Source/portable/GCC/ARM_CM4F -I../../../Drivers/CMSIS/Device/ST/STM32L4xx/Include -I../../../Drivers/CMSIS/Include -Os -ffunction-sections -fdata-sections -g -fstack-usage -Wall -specs=nano.specs -o Drivers/STM32L4xx_HAL_Driver/stm32l4xx_hal_uart_ex.o ../../../Drivers/STM32L4xx_HAL_Driver/Src/stm32l4xx_hal_uart_ex.c 
arm-atollic-eabi-gcc -c -mthumb -mcpu=cortex-m4 -mfloat-abi=hard -mfpu=fpv4-sp-d16 -std=gnu11 -D__weak=__attribute__((weak)) -D__packed=__attribute__((__packed__)) -DUSE_HAL_DRIVER -DSTM32L4A6xx -I../../../Inc -I../../../Drivers/STM32L4xx_HAL_Driver/Inc -I../../../Drivers/STM32L4xx_HAL_Driver/Inc/Legacy -I../../../Middlewares/Third_Party/FreeRTOS/Source/include -I../../../Middlewares/Third_Party/FreeRTOS/Source/CMSIS_RTOS -I../../../Middlewares/Third_Party/FreeRTOS/Source/portable/GCC/ARM_CM4F -I../../../Drivers/CMSIS/Device/ST/STM32L4xx/Include -I../../../Drivers/CMSIS/Include -Os -ffunction-sections -fdata-sections -g -fstack-usage -Wall -specs=nano.specs -o Drivers/STM32L4xx_HAL_Driver/stm32l4xx_hal_tim_ex.o ../../../Drivers/STM32L4xx_HAL_Driver/Src/stm32l4xx_hal_tim_ex.c 
arm-atollic-eabi-gcc -c -mthumb -mcpu=cortex-m4 -mfloat-abi=hard -mfpu=fpv4-sp-d16 -std=gnu11 -D__weak=__attribute__((weak)) -D__packed=__attribute__((__packed__)) -DUSE_HAL_DRIVER -DSTM32L4A6xx -I../../../Inc -I../../../Drivers/STM32L4xx_HAL_Driver/Inc -I../../../Drivers/STM32L4xx_HAL_Driver/Inc/Legacy -I../../../Middlewares/Third_Party/FreeRTOS/Source/include -I../../../Middlewares/Third_Party/FreeRTOS/Source/CMSIS_RTOS -I../../../Middlewares/Third_Party/FreeRTOS/Source/portable/GCC/ARM_CM4F -I../../../Drivers/CMSIS/Device/ST/STM32L4xx/Include -I../../../Drivers/CMSIS/Include -Os -ffunction-sections -fdata-sections -g -fstack-usage -Wall -specs=nano.specs -o Application/TrueSTUDIO/syscalls.o ../../syscalls.c 
arm-atollic-eabi-gcc -c -mthumb -mcpu=cortex-m4 -mfloat-abi=hard -mfpu=fpv4-sp-d16 -std=gnu11 -D__weak=__attribute__((weak)) -D__packed=__attribute__((__packed__)) -DUSE_HAL_DRIVER -DSTM32L4A6xx -I../../../Inc -I../../../Drivers/STM32L4xx_HAL_Driver/Inc -I../../../Drivers/STM32L4xx_HAL_Driver/Inc/Legacy -I../../../Middlewares/Third_Party/FreeRTOS/Source/include -I../../../Middlewares/Third_Party/FreeRTOS/Source/CMSIS_RTOS -I../../../Middlewares/Third_Party/FreeRTOS/Source/portable/GCC/ARM_CM4F -I../../../Drivers/CMSIS/Device/ST/STM32L4xx/Include -I../../../Drivers/CMSIS/Include -Os -ffunction-sections -fdata-sections -g -fstack-usage -Wall -specs=nano.specs -o Application/User/usart.o ../../../Src/usart.c 
arm-atollic-eabi-gcc -c -mthumb -mcpu=cortex-m4 -mfloat-abi=hard -mfpu=fpv4-sp-d16 -std=gnu11 -D__weak=__attribute__((weak)) -D__packed=__attribute__((__packed__)) -DUSE_HAL_DRIVER -DSTM32L4A6xx -I../../../Inc -I../../../Drivers/STM32L4xx_HAL_Driver/Inc -I../../../Drivers/STM32L4xx_HAL_Driver/Inc/Legacy -I../../../Middlewares/Third_Party/FreeRTOS/Source/include -I../../../Middlewares/Third_Party/FreeRTOS/Source/CMSIS_RTOS -I../../../Middlewares/Third_Party/FreeRTOS/Source/portable/GCC/ARM_CM4F -I../../../Drivers/CMSIS/Device/ST/STM32L4xx/Include -I../../../Drivers/CMSIS/Include -Os -ffunction-sections -fdata-sections -g -fstack-usage -Wall -specs=nano.specs -o Middlewares/FreeRTOS/port.o ../../../Middlewares/Third_Party/FreeRTOS/Source/portable/GCC/ARM_CM4F/port.c 
arm-atollic-eabi-gcc -c -mthumb -mcpu=cortex-m4 -mfloat-abi=hard -mfpu=fpv4-sp-d16 -std=gnu11 -D__weak=__attribute__((weak)) -D__packed=__attribute__((__packed__)) -DUSE_HAL_DRIVER -DSTM32L4A6xx -I../../../Inc -I../../../Drivers/STM32L4xx_HAL_Driver/Inc -I../../../Drivers/STM32L4xx_HAL_Driver/Inc/Legacy -I../../../Middlewares/Third_Party/FreeRTOS/Source/include -I../../../Middlewares/Third_Party/FreeRTOS/Source/CMSIS_RTOS -I../../../Middlewares/Third_Party/FreeRTOS/Source/portable/GCC/ARM_CM4F -I../../../Drivers/CMSIS/Device/ST/STM32L4xx/Include -I../../../Drivers/CMSIS/Include -Os -ffunction-sections -fdata-sections -g -fstack-usage -Wall -specs=nano.specs -o Middlewares/FreeRTOS/cmsis_os.o ../../../Middlewares/Third_Party/FreeRTOS/Source/CMSIS_RTOS/cmsis_os.c 
arm-atollic-eabi-gcc -c -mthumb -mcpu=cortex-m4 -mfloat-abi=hard -mfpu=fpv4-sp-d16 -std=gnu11 -D__weak=__attribute__((weak)) -D__packed=__attribute__((__packed__)) -DUSE_HAL_DRIVER -DSTM32L4A6xx -I../../../Inc -I../../../Drivers/STM32L4xx_HAL_Driver/Inc -I../../../Drivers/STM32L4xx_HAL_Driver/Inc/Legacy -I../../../Middlewares/Third_Party/FreeRTOS/Source/include -I../../../Middlewares/Third_Party/FreeRTOS/Source/CMSIS_RTOS -I../../../Middlewares/Third_Party/FreeRTOS/Source/portable/GCC/ARM_CM4F -I../../../Drivers/CMSIS/Device/ST/STM32L4xx/Include -I../../../Drivers/CMSIS/Include -Os -ffunction-sections -fdata-sections -g -fstack-usage -Wall -specs=nano.specs -o Middlewares/FreeRTOS/croutine.o ../../../Middlewares/Third_Party/FreeRTOS/Source/croutine.c 
arm-atollic-eabi-gcc -c -mthumb -mcpu=cortex-m4 -mfloat-abi=hard -mfpu=fpv4-sp-d16 -std=gnu11 -D__weak=__attribute__((weak)) -D__packed=__attribute__((__packed__)) -DUSE_HAL_DRIVER -DSTM32L4A6xx -I../../../Inc -I../../../Drivers/STM32L4xx_HAL_Driver/Inc -I../../../Drivers/STM32L4xx_HAL_Driver/Inc/Legacy -I../../../Middlewares/Third_Party/FreeRTOS/Source/include -I../../../Middlewares/Third_Party/FreeRTOS/Source/CMSIS_RTOS -I../../../Middlewares/Third_Party/FreeRTOS/Source/portable/GCC/ARM_CM4F -I../../../Drivers/CMSIS/Device/ST/STM32L4xx/Include -I../../../Drivers/CMSIS/Include -Os -ffunction-sections -fdata-sections -g -fstack-usage -Wall -specs=nano.specs -o Middlewares/FreeRTOS/event_groups.o ../../../Middlewares/Third_Party/FreeRTOS/Source/event_groups.c 
arm-atollic-eabi-gcc -c -mthumb -mcpu=cortex-m4 -mfloat-abi=hard -mfpu=fpv4-sp-d16 -std=gnu11 -D__weak=__attribute__((weak)) -D__packed=__attribute__((__packed__)) -DUSE_HAL_DRIVER -DSTM32L4A6xx -I../../../Inc -I../../../Drivers/STM32L4xx_HAL_Driver/Inc -I../../../Drivers/STM32L4xx_HAL_Driver/Inc/Legacy -I../../../Middlewares/Third_Party/FreeRTOS/Source/include -I../../../Middlewares/Third_Party/FreeRTOS/Source/CMSIS_RTOS -I../../../Middlewares/Third_Party/FreeRTOS/Source/portable/GCC/ARM_CM4F -I../../../Drivers/CMSIS/Device/ST/STM32L4xx/Include -I../../../Drivers/CMSIS/Include -Os -ffunction-sections -fdata-sections -g -fstack-usage -Wall -specs=nano.specs -o Drivers/STM32L4xx_HAL_Driver/stm32l4xx_hal_cortex.o ../../../Drivers/STM32L4xx_HAL_Driver/Src/stm32l4xx_hal_cortex.c 
arm-atollic-eabi-gcc -c -mthumb -mcpu=cortex-m4 -mfloat-abi=hard -mfpu=fpv4-sp-d16 -std=gnu11 -D__weak=__attribute__((weak)) -D__packed=__attribute__((__packed__)) -DUSE_HAL_DRIVER -DSTM32L4A6xx -I../../../Inc -I../../../Drivers/STM32L4xx_HAL_Driver/Inc -I../../../Drivers/STM32L4xx_HAL_Driver/Inc/Legacy -I../../../Middlewares/Third_Party/FreeRTOS/Source/include -I../../../Middlewares/Third_Party/FreeRTOS/Source/CMSIS_RTOS -I../../../Middlewares/Third_Party/FreeRTOS/Source/portable/GCC/ARM_CM4F -I../../../Drivers/CMSIS/Device/ST/STM32L4xx/Include -I../../../Drivers/CMSIS/Include -Os -ffunction-sections -fdata-sections -g -fstack-usage -Wall -specs=nano.specs -o Middlewares/FreeRTOS/queue.o ../../../Middlewares/Third_Party/FreeRTOS/Source/queue.c 
arm-atollic-eabi-gcc -c -mthumb -mcpu=cortex-m4 -mfloat-abi=hard -mfpu=fpv4-sp-d16 -g -Wa,--no-warn -x assembler-with-cpp -specs=nano.specs -o Application/TrueSTUDIO/startup_stm32l4a6xx.o ../../startup_stm32l4a6xx.s 
arm-atollic-eabi-gcc -c -mthumb -mcpu=cortex-m4 -mfloat-abi=hard -mfpu=fpv4-sp-d16 -std=gnu11 -D__weak=__attribute__((weak)) -D__packed=__attribute__((__packed__)) -DUSE_HAL_DRIVER -DSTM32L4A6xx -I../../../Inc -I../../../Drivers/STM32L4xx_HAL_Driver/Inc -I../../../Drivers/STM32L4xx_HAL_Driver/Inc/Legacy -I../../../Middlewares/Third_Party/FreeRTOS/Source/include -I../../../Middlewares/Third_Party/FreeRTOS/Source/CMSIS_RTOS -I../../../Middlewares/Third_Party/FreeRTOS/Source/portable/GCC/ARM_CM4F -I../../../Drivers/CMSIS/Device/ST/STM32L4xx/Include -I../../../Drivers/CMSIS/Include -Os -ffunction-sections -fdata-sections -g -fstack-usage -Wall -specs=nano.specs -o Drivers/STM32L4xx_HAL_Driver/stm32l4xx_hal_spi_ex.o ../../../Drivers/STM32L4xx_HAL_Driver/Src/stm32l4xx_hal_spi_ex.c 
arm-atollic-eabi-gcc -c -mthumb -mcpu=cortex-m4 -mfloat-abi=hard -mfpu=fpv4-sp-d16 -std=gnu11 -D__weak=__attribute__((weak)) -D__packed=__attribute__((__packed__)) -DUSE_HAL_DRIVER -DSTM32L4A6xx -I../../../Inc -I../../../Drivers/STM32L4xx_HAL_Driver/Inc -I../../../Drivers/STM32L4xx_HAL_Driver/Inc/Legacy -I../../../Middlewares/Third_Party/FreeRTOS/Source/include -I../../../Middlewares/Third_Party/FreeRTOS/Source/CMSIS_RTOS -I../../../Middlewares/Third_Party/FreeRTOS/Source/portable/GCC/ARM_CM4F -I../../../Drivers/CMSIS/Device/ST/STM32L4xx/Include -I../../../Drivers/CMSIS/Include -Os -ffunction-sections -fdata-sections -g -fstack-usage -Wall -specs=nano.specs -o Drivers/STM32L4xx_HAL_Driver/stm32l4xx_hal_flash_ex.o ../../../Drivers/STM32L4xx_HAL_Driver/Src/stm32l4xx_hal_flash_ex.c 
arm-atollic-eabi-gcc -c -mthumb -mcpu=cortex-m4 -mfloat-abi=hard -mfpu=fpv4-sp-d16 -std=gnu11 -D__weak=__attribute__((weak)) -D__packed=__attribute__((__packed__)) -DUSE_HAL_DRIVER -DSTM32L4A6xx -I../../../Inc -I../../../Drivers/STM32L4xx_HAL_Driver/Inc -I../../../Drivers/STM32L4xx_HAL_Driver/Inc/Legacy -I../../../Middlewares/Third_Party/FreeRTOS/Source/include -I../../../Middlewares/Third_Party/FreeRTOS/Source/CMSIS_RTOS -I../../../Middlewares/Third_Party/FreeRTOS/Source/portable/GCC/ARM_CM4F -I../../../Drivers/CMSIS/Device/ST/STM32L4xx/Include -I../../../Drivers/CMSIS/Include -Os -ffunction-sections -fdata-sections -g -fstack-usage -Wall -specs=nano.specs -o Drivers/STM32L4xx_HAL_Driver/stm32l4xx_hal_crc.o ../../../Drivers/STM32L4xx_HAL_Driver/Src/stm32l4xx_hal_crc.c 
arm-atollic-eabi-gcc -c -mthumb -mcpu=cortex-m4 -mfloat-abi=hard -mfpu=fpv4-sp-d16 -std=gnu11 -D__weak=__attribute__((weak)) -D__packed=__attribute__((__packed__)) -DUSE_HAL_DRIVER -DSTM32L4A6xx -I../../../Inc -I../../../Drivers/STM32L4xx_HAL_Driver/Inc -I../../../Drivers/STM32L4xx_HAL_Driver/Inc/Legacy -I../../../Middlewares/Third_Party/FreeRTOS/Source/include -I../../../Middlewares/Third_Party/FreeRTOS/Source/CMSIS_RTOS -I../../../Middlewares/Third_Party/FreeRTOS/Source/portable/GCC/ARM_CM4F -I../../../Drivers/CMSIS/Device/ST/STM32L4xx/Include -I../../../Drivers/CMSIS/Include -Os -ffunction-sections -fdata-sections -g -fstack-usage -Wall -specs=nano.specs -o Drivers/STM32L4xx_HAL_Driver/stm32l4xx_hal_pwr_ex.o ../../../Drivers/STM32L4xx_HAL_Driver/Src/stm32l4xx_hal_pwr_ex.c 
arm-atollic-eabi-gcc -c -mthumb -mcpu=cortex-m4 -mfloat-abi=hard -mfpu=fpv4-sp-d16 -std=gnu11 -D__weak=__attribute__((weak)) -D__packed=__attribute__((__packed__)) -DUSE_HAL_DRIVER -DSTM32L4A6xx -I../../../Inc -I../../../Drivers/STM32L4xx_HAL_Driver/Inc -I../../../Drivers/STM32L4xx_HAL_Driver/Inc/Legacy -I../../../Middlewares/Third_Party/FreeRTOS/Source/include -I../../../Middlewares/Third_Party/FreeRTOS/Source/CMSIS_RTOS -I../../../Middlewares/Third_Party/FreeRTOS/Source/portable/GCC/ARM_CM4F -I../../../Drivers/CMSIS/Device/ST/STM32L4xx/Include -I../../../Drivers/CMSIS/Include -Os -ffunction-sections -fdata-sections -g -fstack-usage -Wall -specs=nano.specs -o Middlewares/FreeRTOS/list.o ../../../Middlewares/Third_Party/FreeRTOS/Source/list.c 
arm-atollic-eabi-gcc -c -mthumb -mcpu=cortex-m4 -mfloat-abi=hard -mfpu=fpv4-sp-d16 -std=gnu11 -D__weak=__attribute__((weak)) -D__packed=__attribute__((__packed__)) -DUSE_HAL_DRIVER -DSTM32L4A6xx -I../../../Inc -I../../../Drivers/STM32L4xx_HAL_Driver/Inc -I../../../Drivers/STM32L4xx_HAL_Driver/Inc/Legacy -I../../../Middlewares/Third_Party/FreeRTOS/Source/include -I../../../Middlewares/Third_Party/FreeRTOS/Source/CMSIS_RTOS -I../../../Middlewares/Third_Party/FreeRTOS/Source/portable/GCC/ARM_CM4F -I../../../Drivers/CMSIS/Device/ST/STM32L4xx/Include -I../../../Drivers/CMSIS/Include -Os -ffunction-sections -fdata-sections -g -fstack-usage -Wall -specs=nano.specs -o Application/User/main.o ../../../Src/main.c 
arm-atollic-eabi-gcc -c -mthumb -mcpu=cortex-m4 -mfloat-abi=hard -mfpu=fpv4-sp-d16 -std=gnu11 -D__weak=__attribute__((weak)) -D__packed=__attribute__((__packed__)) -DUSE_HAL_DRIVER -DSTM32L4A6xx -I../../../Inc -I../../../Drivers/STM32L4xx_HAL_Driver/Inc -I../../../Drivers/STM32L4xx_HAL_Driver/Inc/Legacy -I../../../Middlewares/Third_Party/FreeRTOS/Source/include -I../../../Middlewares/Third_Party/FreeRTOS/Source/CMSIS_RTOS -I../../../Middlewares/Third_Party/FreeRTOS/Source/portable/GCC/ARM_CM4F -I../../../Drivers/CMSIS/Device/ST/STM32L4xx/Include -I../../../Drivers/CMSIS/Include -Os -ffunction-sections -fdata-sections -g -fstack-usage -Wall -specs=nano.specs -o Drivers/STM32L4xx_HAL_Driver/stm32l4xx_hal_tim.o ../../../Drivers/STM32L4xx_HAL_Driver/Src/stm32l4xx_hal_tim.c 
arm-atollic-eabi-gcc -c -mthumb -mcpu=cortex-m4 -mfloat-abi=hard -mfpu=fpv4-sp-d16 -std=gnu11 -D__weak=__attribute__((weak)) -D__packed=__attribute__((__packed__)) -DUSE_HAL_DRIVER -DSTM32L4A6xx -I../../../Inc -I../../../Drivers/STM32L4xx_HAL_Driver/Inc -I../../../Drivers/STM32L4xx_HAL_Driver/Inc/Legacy -I../../../Middlewares/Third_Party/FreeRTOS/Source/include -I../../../Middlewares/Third_Party/FreeRTOS/Source/CMSIS_RTOS -I../../../Middlewares/Third_Party/FreeRTOS/Source/portable/GCC/ARM_CM4F -I../../../Drivers/CMSIS/Device/ST/STM32L4xx/Include -I../../../Drivers/CMSIS/Include -Os -ffunction-sections -fdata-sections -g -fstack-usage -Wall -specs=nano.specs -o Drivers/STM32L4xx_HAL_Driver/stm32l4xx_hal_exti.o ../../../Drivers/STM32L4xx_HAL_Driver/Src/stm32l4xx_hal_exti.c 
arm-atollic-eabi-gcc -c -mthumb -mcpu=cortex-m4 -mfloat-abi=hard -mfpu=fpv4-sp-d16 -std=gnu11 -D__weak=__attribute__((weak)) -D__packed=__attribute__((__packed__)) -DUSE_HAL_DRIVER -DSTM32L4A6xx -I../../../Inc -I../../../Drivers/STM32L4xx_HAL_Driver/Inc -I../../../Drivers/STM32L4xx_HAL_Driver/Inc/Legacy -I../../../Middlewares/Third_Party/FreeRTOS/Source/include -I../../../Middlewares/Third_Party/FreeRTOS/Source/CMSIS_RTOS -I../../../Middlewares/Third_Party/FreeRTOS/Source/portable/GCC/ARM_CM4F -I../../../Drivers/CMSIS/Device/ST/STM32L4xx/Include -I../../../Drivers/CMSIS/Include -Os -ffunction-sections -fdata-sections -g -fstack-usage -Wall -specs=nano.specs -o Drivers/STM32L4xx_HAL_Driver/stm32l4xx_hal_rcc_ex.o ../../../Drivers/STM32L4xx_HAL_Driver/Src/stm32l4xx_hal_rcc_ex.c 
arm-atollic-eabi-gcc -c -mthumb -mcpu=cortex-m4 -mfloat-abi=hard -mfpu=fpv4-sp-d16 -std=gnu11 -D__weak=__attribute__((weak)) -D__packed=__attribute__((__packed__)) -DUSE_HAL_DRIVER -DSTM32L4A6xx -I../../../Inc -I../../../Drivers/STM32L4xx_HAL_Driver/Inc -I../../../Drivers/STM32L4xx_HAL_Driver/Inc/Legacy -I../../../Middlewares/Third_Party/FreeRTOS/Source/include -I../../../Middlewares/Third_Party/FreeRTOS/Source/CMSIS_RTOS -I../../../Middlewares/Third_Party/FreeRTOS/Source/portable/GCC/ARM_CM4F -I../../../Drivers/CMSIS/Device/ST/STM32L4xx/Include -I../../../Drivers/CMSIS/Include -Os -ffunction-sections -fdata-sections -g -fstack-usage -Wall -specs=nano.specs -o Application/User/serializers.o /home/frank/Desktop/bssr-sw/code/Src/serializers.c 
/home/frank/Desktop/bssr-sw/code/Src/serializers.c: In function 'serializeNavPad':
/home/frank/Desktop/bssr-sw/code/Src/serializers.c:19:59: warning: passing argument 2 of 'HAL_CRC_Calculate' from incompatible pointer type [-Wincompatible-pointer-types]
     *((uint32_t *)(&(buf[9]))) = HAL_CRC_Calculate(&hcrc, &(buf[1]), 7); // CRC of buf[1] to buf[7]
                                                           ^
In file included from ../../../Inc/stm32l4xx_hal_conf.h:262:0,
                 from ../../../Drivers/STM32L4xx_HAL_Driver/Inc/stm32l4xx_hal.h:30,
                 from ../../../Inc/main.h:31,
                 from ../../../Inc/crc.h:27,
                 from /home/frank/Desktop/bssr-sw/code/Src/serializers.c:7:
../../../Drivers/STM32L4xx_HAL_Driver/Inc/stm32l4xx_hal_crc.h:312:10: note: expected 'uint32_t * {aka long unsigned int *}' but argument is of type 'uint8_t * {aka unsigned char *}'
 uint32_t HAL_CRC_Calculate(CRC_HandleTypeDef *hcrc, uint32_t pBuffer[], uint32_t BufferLength);
          ^~~~~~~~~~~~~~~~~
/home/frank/Desktop/bssr-sw/code/Src/serializers.c: In function 'serializeEncoder':
/home/frank/Desktop/bssr-sw/code/Src/serializers.c:32:60: warning: passing argument 2 of 'HAL_CRC_Calculate' from incompatible pointer type [-Wincompatible-pointer-types]
     *((uint32_t *)(&(buf[7])))  = HAL_CRC_Calculate(&hcrc, &(buf[1]), 5); // CRC of buf[1] to buf[5]
                                                            ^
In file included from ../../../Inc/stm32l4xx_hal_conf.h:262:0,
                 from ../../../Drivers/STM32L4xx_HAL_Driver/Inc/stm32l4xx_hal.h:30,
                 from ../../../Inc/main.h:31,
                 from ../../../Inc/crc.h:27,
                 from /home/frank/Desktop/bssr-sw/code/Src/serializers.c:7:
../../../Drivers/STM32L4xx_HAL_Driver/Inc/stm32l4xx_hal_crc.h:312:10: note: expected 'uint32_t * {aka long unsigned int *}' but argument is of type 'uint8_t * {aka unsigned char *}'
 uint32_t HAL_CRC_Calculate(CRC_HandleTypeDef *hcrc, uint32_t pBuffer[], uint32_t BufferLength);
          ^~~~~~~~~~~~~~~~~
/home/frank/Desktop/bssr-sw/code/Src/serializers.c: In function 'serializeRHTemp':
/home/frank/Desktop/bssr-sw/code/Src/serializers.c:47:61: warning: passing argument 2 of 'HAL_CRC_Calculate' from incompatible pointer type [-Wincompatible-pointer-types]
     *((uint32_t *)(&(buf[11])))  = HAL_CRC_Calculate(&hcrc, &(buf[1]), 9); // CRC of buf[1] to buf[9]
                                                             ^
In file included from ../../../Inc/stm32l4xx_hal_conf.h:262:0,
                 from ../../../Drivers/STM32L4xx_HAL_Driver/Inc/stm32l4xx_hal.h:30,
                 from ../../../Inc/main.h:31,
                 from ../../../Inc/crc.h:27,
                 from /home/frank/Desktop/bssr-sw/code/Src/serializers.c:7:
../../../Drivers/STM32L4xx_HAL_Driver/Inc/stm32l4xx_hal_crc.h:312:10: note: expected 'uint32_t * {aka long unsigned int *}' but argument is of type 'uint8_t * {aka unsigned char *}'
 uint32_t HAL_CRC_Calculate(CRC_HandleTypeDef *hcrc, uint32_t pBuffer[], uint32_t BufferLength);
          ^~~~~~~~~~~~~~~~~
arm-atollic-eabi-gcc -c -mthumb -mcpu=cortex-m4 -mfloat-abi=hard -mfpu=fpv4-sp-d16 -std=gnu11 -D__weak=__attribute__((weak)) -D__packed=__attribute__((__packed__)) -DUSE_HAL_DRIVER -DSTM32L4A6xx -I../../../Inc -I../../../Drivers/STM32L4xx_HAL_Driver/Inc -I../../../Drivers/STM32L4xx_HAL_Driver/Inc/Legacy -I../../../Middlewares/Third_Party/FreeRTOS/Source/include -I../../../Middlewares/Third_Party/FreeRTOS/Source/CMSIS_RTOS -I../../../Middlewares/Third_Party/FreeRTOS/Source/portable/GCC/ARM_CM4F -I../../../Drivers/CMSIS/Device/ST/STM32L4xx/Include -I../../../Drivers/CMSIS/Include -Os -ffunction-sections -fdata-sections -g -fstack-usage -Wall -specs=nano.specs -o Application/User/serial.o /home/frank/Desktop/bssr-sw/code/Src/serial.c 
arm-atollic-eabi-gcc -c -mthumb -mcpu=cortex-m4 -mfloat-abi=hard -mfpu=fpv4-sp-d16 -std=gnu11 -D__weak=__attribute__((weak)) -D__packed=__attribute__((__packed__)) -DUSE_HAL_DRIVER -DSTM32L4A6xx -I../../../Inc -I../../../Drivers/STM32L4xx_HAL_Driver/Inc -I../../../Drivers/STM32L4xx_HAL_Driver/Inc/Legacy -I../../../Middlewares/Third_Party/FreeRTOS/Source/include -I../../../Middlewares/Third_Party/FreeRTOS/Source/CMSIS_RTOS -I../../../Middlewares/Third_Party/FreeRTOS/Source/portable/GCC/ARM_CM4F -I../../../Drivers/CMSIS/Device/ST/STM32L4xx/Include -I../../../Drivers/CMSIS/Include -Os -ffunction-sections -fdata-sections -g -fstack-usage -Wall -specs=nano.specs -o Application/User/i2c.o ../../../Src/i2c.c 
arm-atollic-eabi-gcc -c -mthumb -mcpu=cortex-m4 -mfloat-abi=hard -mfpu=fpv4-sp-d16 -std=gnu11 -D__weak=__attribute__((weak)) -D__packed=__attribute__((__packed__)) -DUSE_HAL_DRIVER -DSTM32L4A6xx -I../../../Inc -I../../../Drivers/STM32L4xx_HAL_Driver/Inc -I../../../Drivers/STM32L4xx_HAL_Driver/Inc/Legacy -I../../../Middlewares/Third_Party/FreeRTOS/Source/include -I../../../Middlewares/Third_Party/FreeRTOS/Source/CMSIS_RTOS -I../../../Middlewares/Third_Party/FreeRTOS/Source/portable/GCC/ARM_CM4F -I../../../Drivers/CMSIS/Device/ST/STM32L4xx/Include -I../../../Drivers/CMSIS/Include -Os -ffunction-sections -fdata-sections -g -fstack-usage -Wall -specs=nano.specs -o Drivers/STM32L4xx_HAL_Driver/stm32l4xx_hal_uart.o ../../../Drivers/STM32L4xx_HAL_Driver/Src/stm32l4xx_hal_uart.c 
arm-atollic-eabi-gcc -c -mthumb -mcpu=cortex-m4 -mfloat-abi=hard -mfpu=fpv4-sp-d16 -std=gnu11 -D__weak=__attribute__((weak)) -D__packed=__attribute__((__packed__)) -DUSE_HAL_DRIVER -DSTM32L4A6xx -I../../../Inc -I../../../Drivers/STM32L4xx_HAL_Driver/Inc -I../../../Drivers/STM32L4xx_HAL_Driver/Inc/Legacy -I../../../Middlewares/Third_Party/FreeRTOS/Source/include -I../../../Middlewares/Third_Party/FreeRTOS/Source/CMSIS_RTOS -I../../../Middlewares/Third_Party/FreeRTOS/Source/portable/GCC/ARM_CM4F -I../../../Drivers/CMSIS/Device/ST/STM32L4xx/Include -I../../../Drivers/CMSIS/Include -Os -ffunction-sections -fdata-sections -g -fstack-usage -Wall -specs=nano.specs -o Drivers/STM32L4xx_HAL_Driver/stm32l4xx_hal.o ../../../Drivers/STM32L4xx_HAL_Driver/Src/stm32l4xx_hal.c 
arm-atollic-eabi-gcc -c -mthumb -mcpu=cortex-m4 -mfloat-abi=hard -mfpu=fpv4-sp-d16 -std=gnu11 -D__weak=__attribute__((weak)) -D__packed=__attribute__((__packed__)) -DUSE_HAL_DRIVER -DSTM32L4A6xx -I../../../Inc -I../../../Drivers/STM32L4xx_HAL_Driver/Inc -I../../../Drivers/STM32L4xx_HAL_Driver/Inc/Legacy -I../../../Middlewares/Third_Party/FreeRTOS/Source/include -I../../../Middlewares/Third_Party/FreeRTOS/Source/CMSIS_RTOS -I../../../Middlewares/Third_Party/FreeRTOS/Source/portable/GCC/ARM_CM4F -I../../../Drivers/CMSIS/Device/ST/STM32L4xx/Include -I../../../Drivers/CMSIS/Include -Os -ffunction-sections -fdata-sections -g -fstack-usage -Wall -specs=nano.specs -o Application/User/freertos.o ../../../Src/freertos.c 
../../../Src/freertos.c: In function 'scanNavPad':
../../../Src/freertos.c:152:21: warning: passing argument 1 of 'serializeNavPad' from incompatible pointer type [-Wincompatible-pointer-types]
     serializeNavPad(&buf, navBtn, navEnc);  // Assemble message
                     ^
In file included from ../../../Src/freertos.c:30:0:
../../../Inc/serializers.h:22:6: note: expected 'uint8_t * {aka unsigned char *}' but argument is of type 'char (*)[15]'
 void serializeNavPad(uint8_t * buf, uint8_t nav_btn, uint8_t nav_enc);
      ^~~~~~~~~~~~~~~
../../../Src/freertos.c:153:15: warning: passing argument 1 of 'send_data' from incompatible pointer type [-Wincompatible-pointer-types]
     send_data(&buf, MSG_LEN_TEMP);    // Send message to UART
               ^
In file included from ../../../Src/freertos.c:29:0:
../../../Inc/serial.h:11:6: note: expected 'uint8_t * {aka unsigned char *}' but argument is of type 'char (*)[15]'
 void send_data(uint8_t* buf, uint8_t bufLen);
      ^~~~~~~~~
../../../Src/freertos.c: In function 'getAccelerator':
../../../Src/freertos.c:179:22: warning: passing argument 1 of 'serializeEncoder' from incompatible pointer type [-Wincompatible-pointer-types]
     serializeEncoder(&buf, encPos);  // Assemble message
                      ^
In file included from ../../../Src/freertos.c:30:0:
../../../Inc/serializers.h:23:6: note: expected 'uint8_t * {aka unsigned char *}' but argument is of type 'char (*)[13]'
 void serializeEncoder(uint8_t * buf, uint8_t pos);
      ^~~~~~~~~~~~~~~~
../../../Src/freertos.c:180:15: warning: passing argument 1 of 'send_data' from incompatible pointer type [-Wincompatible-pointer-types]
     send_data(&buf, MSG_LEN_ENC);    // Send message to UART
               ^
In file included from ../../../Src/freertos.c:29:0:
../../../Inc/serial.h:11:6: note: expected 'uint8_t * {aka unsigned char *}' but argument is of type 'char (*)[13]'
 void send_data(uint8_t* buf, uint8_t bufLen);
      ^~~~~~~~~
../../../Src/freertos.c: In function 'getRHTemp':
../../../Src/freertos.c:207:21: warning: passing argument 1 of 'serializeRHTemp' from incompatible pointer type [-Wincompatible-pointer-types]
     serializeRHTemp(&buf, temp, rh);  // Assemble message
                     ^
In file included from ../../../Src/freertos.c:30:0:
../../../Inc/serializers.h:24:6: note: expected 'uint8_t * {aka unsigned char *}' but argument is of type 'char (*)[17]'
 void serializeRHTemp(uint8_t * buf, uint16_t temp, uint16_t rh);
      ^~~~~~~~~~~~~~~
../../../Src/freertos.c:208:15: warning: passing argument 1 of 'send_data' from incompatible pointer type [-Wincompatible-pointer-types]
     send_data(&buf, MSG_LEN_TEMP);    // Send message to UART
               ^
In file included from ../../../Src/freertos.c:29:0:
../../../Inc/serial.h:11:6: note: expected 'uint8_t * {aka unsigned char *}' but argument is of type 'char (*)[17]'
 void send_data(uint8_t* buf, uint8_t bufLen);
      ^~~~~~~~~
arm-atollic-eabi-gcc -c -mthumb -mcpu=cortex-m4 -mfloat-abi=hard -mfpu=fpv4-sp-d16 -std=gnu11 -D__weak=__attribute__((weak)) -D__packed=__attribute__((__packed__)) -DUSE_HAL_DRIVER -DSTM32L4A6xx -I../../../Inc -I../../../Drivers/STM32L4xx_HAL_Driver/Inc -I../../../Drivers/STM32L4xx_HAL_Driver/Inc/Legacy -I../../../Middlewares/Third_Party/FreeRTOS/Source/include -I../../../Middlewares/Third_Party/FreeRTOS/Source/CMSIS_RTOS -I../../../Middlewares/Third_Party/FreeRTOS/Source/portable/GCC/ARM_CM4F -I../../../Drivers/CMSIS/Device/ST/STM32L4xx/Include -I../../../Drivers/CMSIS/Include -Os -ffunction-sections -fdata-sections -g -fstack-usage -Wall -specs=nano.specs -o Drivers/CMSIS/system_stm32l4xx.o ../../../Src/system_stm32l4xx.c 
arm-atollic-eabi-gcc -c -mthumb -mcpu=cortex-m4 -mfloat-abi=hard -mfpu=fpv4-sp-d16 -std=gnu11 -D__weak=__attribute__((weak)) -D__packed=__attribute__((__packed__)) -DUSE_HAL_DRIVER -DSTM32L4A6xx -I../../../Inc -I../../../Drivers/STM32L4xx_HAL_Driver/Inc -I../../../Drivers/STM32L4xx_HAL_Driver/Inc/Legacy -I../../../Middlewares/Third_Party/FreeRTOS/Source/include -I../../../Middlewares/Third_Party/FreeRTOS/Source/CMSIS_RTOS -I../../../Middlewares/Third_Party/FreeRTOS/Source/portable/GCC/ARM_CM4F -I../../../Drivers/CMSIS/Device/ST/STM32L4xx/Include -I../../../Drivers/CMSIS/Include -Os -ffunction-sections -fdata-sections -g -fstack-usage -Wall -specs=nano.specs -o Drivers/STM32L4xx_HAL_Driver/stm32l4xx_hal_flash.o ../../../Drivers/STM32L4xx_HAL_Driver/Src/stm32l4xx_hal_flash.c 
arm-atollic-eabi-gcc -c -mthumb -mcpu=cortex-m4 -mfloat-abi=hard -mfpu=fpv4-sp-d16 -std=gnu11 -D__weak=__attribute__((weak)) -D__packed=__attribute__((__packed__)) -DUSE_HAL_DRIVER -DSTM32L4A6xx -I../../../Inc -I../../../Drivers/STM32L4xx_HAL_Driver/Inc -I../../../Drivers/STM32L4xx_HAL_Driver/Inc/Legacy -I../../../Middlewares/Third_Party/FreeRTOS/Source/include -I../../../Middlewares/Third_Party/FreeRTOS/Source/CMSIS_RTOS -I../../../Middlewares/Third_Party/FreeRTOS/Source/portable/GCC/ARM_CM4F -I../../../Drivers/CMSIS/Device/ST/STM32L4xx/Include -I../../../Drivers/CMSIS/Include -Os -ffunction-sections -fdata-sections -g -fstack-usage -Wall -specs=nano.specs -o Drivers/STM32L4xx_HAL_Driver/stm32l4xx_hal_pwr.o ../../../Drivers/STM32L4xx_HAL_Driver/Src/stm32l4xx_hal_pwr.c 
arm-atollic-eabi-gcc -c -mthumb -mcpu=cortex-m4 -mfloat-abi=hard -mfpu=fpv4-sp-d16 -std=gnu11 -D__weak=__attribute__((weak)) -D__packed=__attribute__((__packed__)) -DUSE_HAL_DRIVER -DSTM32L4A6xx -I../../../Inc -I../../../Drivers/STM32L4xx_HAL_Driver/Inc -I../../../Drivers/STM32L4xx_HAL_Driver/Inc/Legacy -I../../../Middlewares/Third_Party/FreeRTOS/Source/include -I../../../Middlewares/Third_Party/FreeRTOS/Source/CMSIS_RTOS -I../../../Middlewares/Third_Party/FreeRTOS/Source/portable/GCC/ARM_CM4F -I../../../Drivers/CMSIS/Device/ST/STM32L4xx/Include -I../../../Drivers/CMSIS/Include -Os -ffunction-sections -fdata-sections -g -fstack-usage -Wall -specs=nano.specs -o Middlewares/FreeRTOS/timers.o ../../../Middlewares/Third_Party/FreeRTOS/Source/timers.c 
arm-atollic-eabi-gcc -c -mthumb -mcpu=cortex-m4 -mfloat-abi=hard -mfpu=fpv4-sp-d16 -std=gnu11 -D__weak=__attribute__((weak)) -D__packed=__attribute__((__packed__)) -DUSE_HAL_DRIVER -DSTM32L4A6xx -I../../../Inc -I../../../Drivers/STM32L4xx_HAL_Driver/Inc -I../../../Drivers/STM32L4xx_HAL_Driver/Inc/Legacy -I../../../Middlewares/Third_Party/FreeRTOS/Source/include -I../../../Middlewares/Third_Party/FreeRTOS/Source/CMSIS_RTOS -I../../../Middlewares/Third_Party/FreeRTOS/Source/portable/GCC/ARM_CM4F -I../../../Drivers/CMSIS/Device/ST/STM32L4xx/Include -I../../../Drivers/CMSIS/Include -Os -ffunction-sections -fdata-sections -g -fstack-usage -Wall -specs=nano.specs -o Application/User/tim.o ../../../Src/tim.c 
arm-atollic-eabi-gcc -c -mthumb -mcpu=cortex-m4 -mfloat-abi=hard -mfpu=fpv4-sp-d16 -std=gnu11 -D__weak=__attribute__((weak)) -D__packed=__attribute__((__packed__)) -DUSE_HAL_DRIVER -DSTM32L4A6xx -I../../../Inc -I../../../Drivers/STM32L4xx_HAL_Driver/Inc -I../../../Drivers/STM32L4xx_HAL_Driver/Inc/Legacy -I../../../Middlewares/Third_Party/FreeRTOS/Source/include -I../../../Middlewares/Third_Party/FreeRTOS/Source/CMSIS_RTOS -I../../../Middlewares/Third_Party/FreeRTOS/Source/portable/GCC/ARM_CM4F -I../../../Drivers/CMSIS/Device/ST/STM32L4xx/Include -I../../../Drivers/CMSIS/Include -Os -ffunction-sections -fdata-sections -g -fstack-usage -Wall -specs=nano.specs -o Drivers/STM32L4xx_HAL_Driver/stm32l4xx_hal_dma_ex.o ../../../Drivers/STM32L4xx_HAL_Driver/Src/stm32l4xx_hal_dma_ex.c 
arm-atollic-eabi-gcc -c -mthumb -mcpu=cortex-m4 -mfloat-abi=hard -mfpu=fpv4-sp-d16 -std=gnu11 -D__weak=__attribute__((weak)) -D__packed=__attribute__((__packed__)) -DUSE_HAL_DRIVER -DSTM32L4A6xx -I../../../Inc -I../../../Drivers/STM32L4xx_HAL_Driver/Inc -I../../../Drivers/STM32L4xx_HAL_Driver/Inc/Legacy -I../../../Middlewares/Third_Party/FreeRTOS/Source/include -I../../../Middlewares/Third_Party/FreeRTOS/Source/CMSIS_RTOS -I../../../Middlewares/Third_Party/FreeRTOS/Source/portable/GCC/ARM_CM4F -I../../../Drivers/CMSIS/Device/ST/STM32L4xx/Include -I../../../Drivers/CMSIS/Include -Os -ffunction-sections -fdata-sections -g -fstack-usage -Wall -specs=nano.specs -o Drivers/STM32L4xx_HAL_Driver/stm32l4xx_hal_crc_ex.o ../../../Drivers/STM32L4xx_HAL_Driver/Src/stm32l4xx_hal_crc_ex.c 
arm-atollic-eabi-gcc -c -mthumb -mcpu=cortex-m4 -mfloat-abi=hard -mfpu=fpv4-sp-d16 -std=gnu11 -D__weak=__attribute__((weak)) -D__packed=__attribute__((__packed__)) -DUSE_HAL_DRIVER -DSTM32L4A6xx -I../../../Inc -I../../../Drivers/STM32L4xx_HAL_Driver/Inc -I../../../Drivers/STM32L4xx_HAL_Driver/Inc/Legacy -I../../../Middlewares/Third_Party/FreeRTOS/Source/include -I../../../Middlewares/Third_Party/FreeRTOS/Source/CMSIS_RTOS -I../../../Middlewares/Third_Party/FreeRTOS/Source/portable/GCC/ARM_CM4F -I../../../Drivers/CMSIS/Device/ST/STM32L4xx/Include -I../../../Drivers/CMSIS/Include -Os -ffunction-sections -fdata-sections -g -fstack-usage -Wall -specs=nano.specs -o Drivers/STM32L4xx_HAL_Driver/stm32l4xx_hal_rcc.o ../../../Drivers/STM32L4xx_HAL_Driver/Src/stm32l4xx_hal_rcc.c 
arm-atollic-eabi-gcc -c -mthumb -mcpu=cortex-m4 -mfloat-abi=hard -mfpu=fpv4-sp-d16 -std=gnu11 -D__weak=__attribute__((weak)) -D__packed=__attribute__((__packed__)) -DUSE_HAL_DRIVER -DSTM32L4A6xx -I../../../Inc -I../../../Drivers/STM32L4xx_HAL_Driver/Inc -I../../../Drivers/STM32L4xx_HAL_Driver/Inc/Legacy -I../../../Middlewares/Third_Party/FreeRTOS/Source/include -I../../../Middlewares/Third_Party/FreeRTOS/Source/CMSIS_RTOS -I../../../Middlewares/Third_Party/FreeRTOS/Source/portable/GCC/ARM_CM4F -I../../../Drivers/CMSIS/Device/ST/STM32L4xx/Include -I../../../Drivers/CMSIS/Include -Os -ffunction-sections -fdata-sections -g -fstack-usage -Wall -specs=nano.specs -o Drivers/STM32L4xx_HAL_Driver/stm32l4xx_hal_flash_ramfunc.o ../../../Drivers/STM32L4xx_HAL_Driver/Src/stm32l4xx_hal_flash_ramfunc.c 
arm-atollic-eabi-gcc -c -mthumb -mcpu=cortex-m4 -mfloat-abi=hard -mfpu=fpv4-sp-d16 -std=gnu11 -D__weak=__attribute__((weak)) -D__packed=__attribute__((__packed__)) -DUSE_HAL_DRIVER -DSTM32L4A6xx -I../../../Inc -I../../../Drivers/STM32L4xx_HAL_Driver/Inc -I../../../Drivers/STM32L4xx_HAL_Driver/Inc/Legacy -I../../../Middlewares/Third_Party/FreeRTOS/Source/include -I../../../Middlewares/Third_Party/FreeRTOS/Source/CMSIS_RTOS -I../../../Middlewares/Third_Party/FreeRTOS/Source/portable/GCC/ARM_CM4F -I../../../Drivers/CMSIS/Device/ST/STM32L4xx/Include -I../../../Drivers/CMSIS/Include -Os -ffunction-sections -fdata-sections -g -fstack-usage -Wall -specs=nano.specs -o Drivers/STM32L4xx_HAL_Driver/stm32l4xx_hal_i2c.o ../../../Drivers/STM32L4xx_HAL_Driver/Src/stm32l4xx_hal_i2c.c 
arm-atollic-eabi-gcc -c -mthumb -mcpu=cortex-m4 -mfloat-abi=hard -mfpu=fpv4-sp-d16 -std=gnu11 -D__weak=__attribute__((weak)) -D__packed=__attribute__((__packed__)) -DUSE_HAL_DRIVER -DSTM32L4A6xx -I../../../Inc -I../../../Drivers/STM32L4xx_HAL_Driver/Inc -I../../../Drivers/STM32L4xx_HAL_Driver/Inc/Legacy -I../../../Middlewares/Third_Party/FreeRTOS/Source/include -I../../../Middlewares/Third_Party/FreeRTOS/Source/CMSIS_RTOS -I../../../Middlewares/Third_Party/FreeRTOS/Source/portable/GCC/ARM_CM4F -I../../../Drivers/CMSIS/Device/ST/STM32L4xx/Include -I../../../Drivers/CMSIS/Include -Os -ffunction-sections -fdata-sections -g -fstack-usage -Wall -specs=nano.specs -o Drivers/STM32L4xx_HAL_Driver/stm32l4xx_hal_gpio.o ../../../Drivers/STM32L4xx_HAL_Driver/Src/stm32l4xx_hal_gpio.c 
arm-atollic-eabi-gcc -c -mthumb -mcpu=cortex-m4 -mfloat-abi=hard -mfpu=fpv4-sp-d16 -std=gnu11 -D__weak=__attribute__((weak)) -D__packed=__attribute__((__packed__)) -DUSE_HAL_DRIVER -DSTM32L4A6xx -I../../../Inc -I../../../Drivers/STM32L4xx_HAL_Driver/Inc -I../../../Drivers/STM32L4xx_HAL_Driver/Inc/Legacy -I../../../Middlewares/Third_Party/FreeRTOS/Source/include -I../../../Middlewares/Third_Party/FreeRTOS/Source/CMSIS_RTOS -I../../../Middlewares/Third_Party/FreeRTOS/Source/portable/GCC/ARM_CM4F -I../../../Drivers/CMSIS/Device/ST/STM32L4xx/Include -I../../../Drivers/CMSIS/Include -Os -ffunction-sections -fdata-sections -g -fstack-usage -Wall -specs=nano.specs -o Drivers/STM32L4xx_HAL_Driver/stm32l4xx_hal_spi.o ../../../Drivers/STM32L4xx_HAL_Driver/Src/stm32l4xx_hal_spi.c 
arm-atollic-eabi-gcc -c -mthumb -mcpu=cortex-m4 -mfloat-abi=hard -mfpu=fpv4-sp-d16 -std=gnu11 -D__weak=__attribute__((weak)) -D__packed=__attribute__((__packed__)) -DUSE_HAL_DRIVER -DSTM32L4A6xx -I../../../Inc -I../../../Drivers/STM32L4xx_HAL_Driver/Inc -I../../../Drivers/STM32L4xx_HAL_Driver/Inc/Legacy -I../../../Middlewares/Third_Party/FreeRTOS/Source/include -I../../../Middlewares/Third_Party/FreeRTOS/Source/CMSIS_RTOS -I../../../Middlewares/Third_Party/FreeRTOS/Source/portable/GCC/ARM_CM4F -I../../../Drivers/CMSIS/Device/ST/STM32L4xx/Include -I../../../Drivers/CMSIS/Include -Os -ffunction-sections -fdata-sections -g -fstack-usage -Wall -specs=nano.specs -o Application/User/crc.o ../../../Src/crc.c 
arm-atollic-eabi-gcc -c -mthumb -mcpu=cortex-m4 -mfloat-abi=hard -mfpu=fpv4-sp-d16 -std=gnu11 -D__weak=__attribute__((weak)) -D__packed=__attribute__((__packed__)) -DUSE_HAL_DRIVER -DSTM32L4A6xx -I../../../Inc -I../../../Drivers/STM32L4xx_HAL_Driver/Inc -I../../../Drivers/STM32L4xx_HAL_Driver/Inc/Legacy -I../../../Middlewares/Third_Party/FreeRTOS/Source/include -I../../../Middlewares/Third_Party/FreeRTOS/Source/CMSIS_RTOS -I../../../Middlewares/Third_Party/FreeRTOS/Source/portable/GCC/ARM_CM4F -I../../../Drivers/CMSIS/Device/ST/STM32L4xx/Include -I../../../Drivers/CMSIS/Include -Os -ffunction-sections -fdata-sections -g -fstack-usage -Wall -specs=nano.specs -o Drivers/STM32L4xx_HAL_Driver/stm32l4xx_hal_dma.o ../../../Drivers/STM32L4xx_HAL_Driver/Src/stm32l4xx_hal_dma.c 
arm-atollic-eabi-gcc -c -mthumb -mcpu=cortex-m4 -mfloat-abi=hard -mfpu=fpv4-sp-d16 -std=gnu11 -D__weak=__attribute__((weak)) -D__packed=__attribute__((__packed__)) -DUSE_HAL_DRIVER -DSTM32L4A6xx -I../../../Inc -I../../../Drivers/STM32L4xx_HAL_Driver/Inc -I../../../Drivers/STM32L4xx_HAL_Driver/Inc/Legacy -I../../../Middlewares/Third_Party/FreeRTOS/Source/include -I../../../Middlewares/Third_Party/FreeRTOS/Source/CMSIS_RTOS -I../../../Middlewares/Third_Party/FreeRTOS/Source/portable/GCC/ARM_CM4F -I../../../Drivers/CMSIS/Device/ST/STM32L4xx/Include -I../../../Drivers/CMSIS/Include -Os -ffunction-sections -fdata-sections -g -fstack-usage -Wall -specs=nano.specs -o Middlewares/FreeRTOS/stream_buffer.o ../../../Middlewares/Third_Party/FreeRTOS/Source/stream_buffer.c 
arm-atollic-eabi-gcc -c -mthumb -mcpu=cortex-m4 -mfloat-abi=hard -mfpu=fpv4-sp-d16 -std=gnu11 -D__weak=__attribute__((weak)) -D__packed=__attribute__((__packed__)) -DUSE_HAL_DRIVER -DSTM32L4A6xx -I../../../Inc -I../../../Drivers/STM32L4xx_HAL_Driver/Inc -I../../../Drivers/STM32L4xx_HAL_Driver/Inc/Legacy -I../../../Middlewares/Third_Party/FreeRTOS/Source/include -I../../../Middlewares/Third_Party/FreeRTOS/Source/CMSIS_RTOS -I../../../Middlewares/Third_Party/FreeRTOS/Source/portable/GCC/ARM_CM4F -I../../../Drivers/CMSIS/Device/ST/STM32L4xx/Include -I../../../Drivers/CMSIS/Include -Os -ffunction-sections -fdata-sections -g -fstack-usage -Wall -specs=nano.specs -o Application/User/spi.o ../../../Src/spi.c 
arm-atollic-eabi-gcc -c -mthumb -mcpu=cortex-m4 -mfloat-abi=hard -mfpu=fpv4-sp-d16 -std=gnu11 -D__weak=__attribute__((weak)) -D__packed=__attribute__((__packed__)) -DUSE_HAL_DRIVER -DSTM32L4A6xx -I../../../Inc -I../../../Drivers/STM32L4xx_HAL_Driver/Inc -I../../../Drivers/STM32L4xx_HAL_Driver/Inc/Legacy -I../../../Middlewares/Third_Party/FreeRTOS/Source/include -I../../../Middlewares/Third_Party/FreeRTOS/Source/CMSIS_RTOS -I../../../Middlewares/Third_Party/FreeRTOS/Source/portable/GCC/ARM_CM4F -I../../../Drivers/CMSIS/Device/ST/STM32L4xx/Include -I../../../Drivers/CMSIS/Include -Os -ffunction-sections -fdata-sections -g -fstack-usage -Wall -specs=nano.specs -o Middlewares/FreeRTOS/tasks.o ../../../Middlewares/Third_Party/FreeRTOS/Source/tasks.c 
arm-atollic-eabi-gcc -c -mthumb -mcpu=cortex-m4 -mfloat-abi=hard -mfpu=fpv4-sp-d16 -std=gnu11 -D__weak=__attribute__((weak)) -D__packed=__attribute__((__packed__)) -DUSE_HAL_DRIVER -DSTM32L4A6xx -I../../../Inc -I../../../Drivers/STM32L4xx_HAL_Driver/Inc -I../../../Drivers/STM32L4xx_HAL_Driver/Inc/Legacy -I../../../Middlewares/Third_Party/FreeRTOS/Source/include -I../../../Middlewares/Third_Party/FreeRTOS/Source/CMSIS_RTOS -I../../../Middlewares/Third_Party/FreeRTOS/Source/portable/GCC/ARM_CM4F -I../../../Drivers/CMSIS/Device/ST/STM32L4xx/Include -I../../../Drivers/CMSIS/Include -Os -ffunction-sections -fdata-sections -g -fstack-usage -Wall -specs=nano.specs -o Application/User/gpio.o ../../../Src/gpio.c 
arm-atollic-eabi-gcc -c -mthumb -mcpu=cortex-m4 -mfloat-abi=hard -mfpu=fpv4-sp-d16 -std=gnu11 -D__weak=__attribute__((weak)) -D__packed=__attribute__((__packed__)) -DUSE_HAL_DRIVER -DSTM32L4A6xx -I../../../Inc -I../../../Drivers/STM32L4xx_HAL_Driver/Inc -I../../../Drivers/STM32L4xx_HAL_Driver/Inc/Legacy -I../../../Middlewares/Third_Party/FreeRTOS/Source/include -I../../../Middlewares/Third_Party/FreeRTOS/Source/CMSIS_RTOS -I../../../Middlewares/Third_Party/FreeRTOS/Source/portable/GCC/ARM_CM4F -I../../../Drivers/CMSIS/Device/ST/STM32L4xx/Include -I../../../Drivers/CMSIS/Include -Os -ffunction-sections -fdata-sections -g -fstack-usage -Wall -specs=nano.specs -o Application/User/stm32l4xx_it.o ../../../Src/stm32l4xx_it.c 
arm-atollic-eabi-gcc -c -mthumb -mcpu=cortex-m4 -mfloat-abi=hard -mfpu=fpv4-sp-d16 -std=gnu11 -D__weak=__attribute__((weak)) -D__packed=__attribute__((__packed__)) -DUSE_HAL_DRIVER -DSTM32L4A6xx -I../../../Inc -I../../../Drivers/STM32L4xx_HAL_Driver/Inc -I../../../Drivers/STM32L4xx_HAL_Driver/Inc/Legacy -I../../../Middlewares/Third_Party/FreeRTOS/Source/include -I../../../Middlewares/Third_Party/FreeRTOS/Source/CMSIS_RTOS -I../../../Middlewares/Third_Party/FreeRTOS/Source/portable/GCC/ARM_CM4F -I../../../Drivers/CMSIS/Device/ST/STM32L4xx/Include -I../../../Drivers/CMSIS/Include -Os -ffunction-sections -fdata-sections -g -fstack-usage -Wall -specs=nano.specs -o Middlewares/FreeRTOS/heap_4.o ../../../Middlewares/Third_Party/FreeRTOS/Source/portable/MemMang/heap_4.c 
arm-atollic-eabi-gcc -c -mthumb -mcpu=cortex-m4 -mfloat-abi=hard -mfpu=fpv4-sp-d16 -std=gnu11 -D__weak=__attribute__((weak)) -D__packed=__attribute__((__packed__)) -DUSE_HAL_DRIVER -DSTM32L4A6xx -I../../../Inc -I../../../Drivers/STM32L4xx_HAL_Driver/Inc -I../../../Drivers/STM32L4xx_HAL_Driver/Inc/Legacy -I../../../Middlewares/Third_Party/FreeRTOS/Source/include -I../../../Middlewares/Third_Party/FreeRTOS/Source/CMSIS_RTOS -I../../../Middlewares/Third_Party/FreeRTOS/Source/portable/GCC/ARM_CM4F -I../../../Drivers/CMSIS/Device/ST/STM32L4xx/Include -I../../../Drivers/CMSIS/Include -Os -ffunction-sections -fdata-sections -g -fstack-usage -Wall -specs=nano.specs -o Drivers/STM32L4xx_HAL_Driver/stm32l4xx_hal_i2c_ex.o ../../../Drivers/STM32L4xx_HAL_Driver/Src/stm32l4xx_hal_i2c_ex.c 
arm-atollic-eabi-gcc -o GenX_SteeringWheel.elf Application/TrueSTUDIO/startup_stm32l4a6xx.o Application/TrueSTUDIO/syscalls.o Application/User/crc.o Application/User/freertos.o Application/User/gpio.o Application/User/i2c.o Application/User/main.o Application/User/serial.o Application/User/serializers.o Application/User/spi.o Application/User/stm32l4xx_hal_msp.o Application/User/stm32l4xx_hal_timebase_tim.o Application/User/stm32l4xx_it.o Application/User/tim.o Application/User/usart.o Drivers/CMSIS/system_stm32l4xx.o Drivers/STM32L4xx_HAL_Driver/stm32l4xx_hal.o Drivers/STM32L4xx_HAL_Driver/stm32l4xx_hal_cortex.o Drivers/STM32L4xx_HAL_Driver/stm32l4xx_hal_crc.o Drivers/STM32L4xx_HAL_Driver/stm32l4xx_hal_crc_ex.o Drivers/STM32L4xx_HAL_Driver/stm32l4xx_hal_dma.o Drivers/STM32L4xx_HAL_Driver/stm32l4xx_hal_dma_ex.o Drivers/STM32L4xx_HAL_Driver/stm32l4xx_hal_exti.o Drivers/STM32L4xx_HAL_Driver/stm32l4xx_hal_flash.o Drivers/STM32L4xx_HAL_Driver/stm32l4xx_hal_flash_ex.o Drivers/STM32L4xx_HAL_Driver/stm32l4xx_hal_flash_ramfunc.o Drivers/STM32L4xx_HAL_Driver/stm32l4xx_hal_gpio.o Drivers/STM32L4xx_HAL_Driver/stm32l4xx_hal_i2c.o Drivers/STM32L4xx_HAL_Driver/stm32l4xx_hal_i2c_ex.o Drivers/STM32L4xx_HAL_Driver/stm32l4xx_hal_pwr.o Drivers/STM32L4xx_HAL_Driver/stm32l4xx_hal_pwr_ex.o Drivers/STM32L4xx_HAL_Driver/stm32l4xx_hal_rcc.o Drivers/STM32L4xx_HAL_Driver/stm32l4xx_hal_rcc_ex.o Drivers/STM32L4xx_HAL_Driver/stm32l4xx_hal_spi.o Drivers/STM32L4xx_HAL_Driver/stm32l4xx_hal_spi_ex.o Drivers/STM32L4xx_HAL_Driver/stm32l4xx_hal_tim.o Drivers/STM32L4xx_HAL_Driver/stm32l4xx_hal_tim_ex.o Drivers/STM32L4xx_HAL_Driver/stm32l4xx_hal_uart.o Drivers/STM32L4xx_HAL_Driver/stm32l4xx_hal_uart_ex.o Middlewares/FreeRTOS/cmsis_os.o Middlewares/FreeRTOS/croutine.o Middlewares/FreeRTOS/event_groups.o Middlewares/FreeRTOS/heap_4.o Middlewares/FreeRTOS/list.o Middlewares/FreeRTOS/port.o Middlewares/FreeRTOS/queue.o Middlewares/FreeRTOS/stream_buffer.o Middlewares/FreeRTOS/tasks.o Middlewares/FreeRTOS/timers.o -mthumb -mcpu=cortex-m4 -mfloat-abi=hard -mfpu=fpv4-sp-d16 -T../STM32L4A6RG_FLASH.ld -specs=nosys.specs -static -Wl,-Map=GenX_SteeringWheel.map -Wl,--gc-sections -Wl,--defsym=malloc_getpagesize_P=0x80 -Wl,--start-group -lc -lm -Wl,--end-group -specs=nano.specs 
/opt/Atollic_TrueSTUDIO_for_STM32_x86_64_9.3.0/ide/jre/bin/java -jar /opt/Atollic_TrueSTUDIO_for_STM32_x86_64_9.3.0/Tools/arm-atollic-reports.jar sizeinfo list GenX_SteeringWheel.elf 
Generate build reports...
Print size information
   text	   data	    bss	    dec	    hex	filename
  14636	     24	   6072	  20732	   50fc	GenX_SteeringWheel.elf
Print size information done
Generate listing file
Output sent to: GenX_SteeringWheel.list
Generate listing file done
Generate build reports done
arm-atollic-eabi-objcopy -O ihex GenX_SteeringWheel.elf GenX_SteeringWheel.hex 

19:35:54 Build Finished (took 31s.163ms)

