19:25:12 **** Incremental Build of configuration Debug for project GenX_SteeringWheel ****
Info: Internal Builder is used for build
arm-atollic-eabi-gcc -c -mthumb -mcpu=cortex-m4 -mfloat-abi=hard -mfpu=fpv4-sp-d16 -std=gnu11 -D__weak=__attribute__((weak)) -D__packed=__attribute__((__packed__)) -DUSE_HAL_DRIVER -DSTM32L4A6xx -I../../../Inc -I../../../Drivers/STM32L4xx_HAL_Driver/Inc -I../../../Drivers/STM32L4xx_HAL_Driver/Inc/Legacy -I../../../Middlewares/Third_Party/FreeRTOS/Source/include -I../../../Middlewares/Third_Party/FreeRTOS/Source/CMSIS_RTOS -I../../../Middlewares/Third_Party/FreeRTOS/Source/portable/GCC/ARM_CM4F -I../../../Drivers/CMSIS/Device/ST/STM32L4xx/Include -I../../../Drivers/CMSIS/Include -Os -ffunction-sections -fdata-sections -g -fstack-usage -Wall -specs=nano.specs -o Application/User/serializers.o /home/frank/Desktop/bssr-sw/code/Src/serializers.c 
/home/frank/Desktop/bssr-sw/code/Src/serializers.c: In function 'serializeNavPad':
/home/frank/Desktop/bssr-sw/code/Src/serializers.c:10:5: warning: implicit declaration of function 'assert' [-Wimplicit-function-declaration]
     assert(sizeof(buf) == MSG_LEN_NAV);
     ^~~~~~
/home/frank/Desktop/bssr-sw/code/Src/serializers.c:22:59: warning: passing argument 2 of 'HAL_CRC_Calculate' from incompatible pointer type [-Wincompatible-pointer-types]
     *((uint32_t *)(&(buf[9]))) = HAL_CRC_Calculate(&hcrc, &(buf[1]), 7); // CRC of buf[1] to buf[7]
                                                           ^
In file included from ../../../Inc/stm32l4xx_hal_conf.h:262:0,
                 from ../../../Drivers/STM32L4xx_HAL_Driver/Inc/stm32l4xx_hal.h:30,
                 from ../../../Inc/main.h:31,
                 from ../../../Inc/crc.h:27,
                 from /home/frank/Desktop/bssr-sw/code/Src/serializers.c:7:
../../../Drivers/STM32L4xx_HAL_Driver/Inc/stm32l4xx_hal_crc.h:312:10: note: expected 'uint32_t * {aka long unsigned int *}' but argument is of type 'uint8_t * {aka unsigned char *}'
 uint32_t HAL_CRC_Calculate(CRC_HandleTypeDef *hcrc, uint32_t pBuffer[], uint32_t BufferLength);
          ^~~~~~~~~~~~~~~~~
/home/frank/Desktop/bssr-sw/code/Src/serializers.c: In function 'serializeEncoder':
/home/frank/Desktop/bssr-sw/code/Src/serializers.c:37:60: warning: passing argument 2 of 'HAL_CRC_Calculate' from incompatible pointer type [-Wincompatible-pointer-types]
     *((uint32_t *)(&(buf[7])))  = HAL_CRC_Calculate(&hcrc, &(buf[1]), 5); // CRC of buf[1] to buf[5]
                                                            ^
In file included from ../../../Inc/stm32l4xx_hal_conf.h:262:0,
                 from ../../../Drivers/STM32L4xx_HAL_Driver/Inc/stm32l4xx_hal.h:30,
                 from ../../../Inc/main.h:31,
                 from ../../../Inc/crc.h:27,
                 from /home/frank/Desktop/bssr-sw/code/Src/serializers.c:7:
../../../Drivers/STM32L4xx_HAL_Driver/Inc/stm32l4xx_hal_crc.h:312:10: note: expected 'uint32_t * {aka long unsigned int *}' but argument is of type 'uint8_t * {aka unsigned char *}'
 uint32_t HAL_CRC_Calculate(CRC_HandleTypeDef *hcrc, uint32_t pBuffer[], uint32_t BufferLength);
          ^~~~~~~~~~~~~~~~~
/home/frank/Desktop/bssr-sw/code/Src/serializers.c: In function 'serializeRHTemp':
/home/frank/Desktop/bssr-sw/code/Src/serializers.c:54:61: warning: passing argument 2 of 'HAL_CRC_Calculate' from incompatible pointer type [-Wincompatible-pointer-types]
     *((uint32_t *)(&(buf[11])))  = HAL_CRC_Calculate(&hcrc, &(buf[1]), 9); // CRC of buf[1] to buf[9]
                                                             ^
In file included from ../../../Inc/stm32l4xx_hal_conf.h:262:0,
                 from ../../../Drivers/STM32L4xx_HAL_Driver/Inc/stm32l4xx_hal.h:30,
                 from ../../../Inc/main.h:31,
                 from ../../../Inc/crc.h:27,
                 from /home/frank/Desktop/bssr-sw/code/Src/serializers.c:7:
../../../Drivers/STM32L4xx_HAL_Driver/Inc/stm32l4xx_hal_crc.h:312:10: note: expected 'uint32_t * {aka long unsigned int *}' but argument is of type 'uint8_t * {aka unsigned char *}'
 uint32_t HAL_CRC_Calculate(CRC_HandleTypeDef *hcrc, uint32_t pBuffer[], uint32_t BufferLength);
          ^~~~~~~~~~~~~~~~~
arm-atollic-eabi-gcc -o GenX_SteeringWheel.elf Application/TrueSTUDIO/startup_stm32l4a6xx.o Application/TrueSTUDIO/syscalls.o Application/User/crc.o Application/User/freertos.o Application/User/gpio.o Application/User/i2c.o Application/User/main.o Application/User/serial.o Application/User/serializers.o Application/User/spi.o Application/User/stm32l4xx_hal_msp.o Application/User/stm32l4xx_hal_timebase_tim.o Application/User/stm32l4xx_it.o Application/User/tim.o Application/User/usart.o Drivers/CMSIS/system_stm32l4xx.o Drivers/STM32L4xx_HAL_Driver/stm32l4xx_hal.o Drivers/STM32L4xx_HAL_Driver/stm32l4xx_hal_cortex.o Drivers/STM32L4xx_HAL_Driver/stm32l4xx_hal_crc.o Drivers/STM32L4xx_HAL_Driver/stm32l4xx_hal_crc_ex.o Drivers/STM32L4xx_HAL_Driver/stm32l4xx_hal_dma.o Drivers/STM32L4xx_HAL_Driver/stm32l4xx_hal_dma_ex.o Drivers/STM32L4xx_HAL_Driver/stm32l4xx_hal_exti.o Drivers/STM32L4xx_HAL_Driver/stm32l4xx_hal_flash.o Drivers/STM32L4xx_HAL_Driver/stm32l4xx_hal_flash_ex.o Drivers/STM32L4xx_HAL_Driver/stm32l4xx_hal_flash_ramfunc.o Drivers/STM32L4xx_HAL_Driver/stm32l4xx_hal_gpio.o Drivers/STM32L4xx_HAL_Driver/stm32l4xx_hal_i2c.o Drivers/STM32L4xx_HAL_Driver/stm32l4xx_hal_i2c_ex.o Drivers/STM32L4xx_HAL_Driver/stm32l4xx_hal_pwr.o Drivers/STM32L4xx_HAL_Driver/stm32l4xx_hal_pwr_ex.o Drivers/STM32L4xx_HAL_Driver/stm32l4xx_hal_rcc.o Drivers/STM32L4xx_HAL_Driver/stm32l4xx_hal_rcc_ex.o Drivers/STM32L4xx_HAL_Driver/stm32l4xx_hal_spi.o Drivers/STM32L4xx_HAL_Driver/stm32l4xx_hal_spi_ex.o Drivers/STM32L4xx_HAL_Driver/stm32l4xx_hal_tim.o Drivers/STM32L4xx_HAL_Driver/stm32l4xx_hal_tim_ex.o Drivers/STM32L4xx_HAL_Driver/stm32l4xx_hal_uart.o Drivers/STM32L4xx_HAL_Driver/stm32l4xx_hal_uart_ex.o Middlewares/FreeRTOS/cmsis_os.o Middlewares/FreeRTOS/croutine.o Middlewares/FreeRTOS/event_groups.o Middlewares/FreeRTOS/heap_4.o Middlewares/FreeRTOS/list.o Middlewares/FreeRTOS/port.o Middlewares/FreeRTOS/queue.o Middlewares/FreeRTOS/stream_buffer.o Middlewares/FreeRTOS/tasks.o Middlewares/FreeRTOS/timers.o -mthumb -mcpu=cortex-m4 -mfloat-abi=hard -mfpu=fpv4-sp-d16 -T../STM32L4A6RG_FLASH.ld -specs=nosys.specs -static -Wl,-Map=GenX_SteeringWheel.map -Wl,--gc-sections -Wl,--defsym=malloc_getpagesize_P=0x80 -Wl,--start-group -lc -lm -Wl,--end-group -specs=nano.specs 
/opt/Atollic_TrueSTUDIO_for_STM32_x86_64_9.3.0/ide/jre/bin/java -jar /opt/Atollic_TrueSTUDIO_for_STM32_x86_64_9.3.0/Tools/arm-atollic-reports.jar sizeinfo list GenX_SteeringWheel.elf 
Generate build reports...
Print size information
   text	   data	    bss	    dec	    hex	filename
  14028	     24	   6072	  20124	   4e9c	GenX_SteeringWheel.elf
Print size information done
Generate listing file
Output sent to: GenX_SteeringWheel.list
Generate listing file done
Generate build reports done
arm-atollic-eabi-objcopy -O ihex GenX_SteeringWheel.elf GenX_SteeringWheel.hex 

19:25:14 Build Finished (took 2s.335ms)

